
[1m[46m RUN [49m[22m [36mv4.0.18 [39m[90mD:/Projetos/Controle-CMCB-XI-main[39m

[90mstdout[2m | src/test/components/AjustarSaldoDialog.test.tsx[2m > [22m[2mAjustarSaldoDialog component[2m > [22m[2mshould calculate final balance when adjustment is entered
[22m[39mMock calls: [ [ [33m0[39m ], [ [33m100[39m ] ]

 [31mÔØ»[39m src/test/components/AjustarSaldoDialog.test.tsx [2m([22m[2m4 tests[22m[2m | [22m[31m1 failed[39m[2m)[22m[33m 655[2mms[22m[39m
     [32mÔ£ô[39m should render correctly when open[32m 258[2mms[22m[39m
[31m     [31m├ù[31m should calculate final balance when adjustment is entered[39m[32m 126[2mms[22m[39m
     [32mÔ£ô[39m should open confirmation dialog and call onSubmit[32m 222[2mms[22m[39m
     [32mÔ£ô[39m should disable submit button if reason is too short[32m 45[2mms[22m[39m

[2m Test Files [22m [1m[31m1 failed[39m[22m[90m (1)[39m
[2m      Tests [22m [1m[31m1 failed[39m[22m[2m | [22m[1m[32m3 passed[39m[22m[90m (4)[39m
[2m   Start at [22m 11:53:02
[2m   Duration [22m 6.36s[2m (transform 350ms, setup 489ms, import 1.89s, tests 655ms, environment 2.80s)[22m

